2025-12-13 20:31:14, MOVE, v:1, k:poo@estacionamento, mode:PICK
2025-12-13 20:31:15, EXEC, v:1, k:poo@estacionamento, mode:FULL, rate:0
2025-12-13 20:31:16, MOVE, v:1, k:poo@estacionamento, mode:BACK
2025-12-13 20:31:23, MOVE, v:1, k:poo@estacionamento, mode:PICK
2025-12-13 20:34:59, MOVE, v:1, k:poo@estacionamento, mode:BACK
2025-12-13 20:35:14, MOVE, v:1, k:poo@estacionamento, mode:PICK
2025-12-13 20:35:15, EXEC, v:1, k:poo@estacionamento, mode:FULL, rate:0
2025-12-13 20:35:17, MOVE, v:1, k:poo@estacionamento, mode:BACK
2025-12-13 20:35:18, MOVE, v:1, k:poo@estacionamento, mode:PICK
2025-12-13 20:48:36, EXEC, v:1, k:poo@estacionamento, mode:FULL, rate:0, size:73
2025-12-13 20:48:37, MOVE, v:1, k:poo@estacionamento, mode:BACK
2025-12-13 20:48:42, MOVE, v:1, k:poo@estacionamento, mode:PICK
2025-12-13 21:03:12, EXEC, v:1, k:poo@estacionamento, mode:FULL, rate:0, size:78
2025-12-13 21:03:13, MOVE, v:1, k:poo@estacionamento, mode:BACK
2025-12-13 21:03:20, MOVE, v:1, k:poo@estacionamento, mode:PICK
2025-12-13 22:00:35, EXEC, v:1, k:poo@estacionamento, mode:FULL, rate:0, size:85
2025-12-13 22:09:08, EXEC, v:1, k:poo@estacionamento, mode:FULL, rate:0
2025-12-13 22:15:54, EXEC, v:1, k:poo@estacionamento, mode:FULL, rate:0, size:92
2025-12-13 22:16:20, EXEC, v:1, k:poo@estacionamento, mode:FULL, rate:0
2025-12-13 22:18:31, EXEC, v:1, k:poo@estacionamento, mode:FULL, rate:0, size:92
2025-12-13 22:18:32, EXEC, v:1, k:poo@estacionamento, mode:FULL, rate:0
2025-12-13 22:18:42, MOVE, v:1, k:poo@estacionamento, mode:BACK
2025-12-13 22:19:03, MOVE, v:1, k:poo@estacionamento, mode:PICK
2025-12-13 22:20:13, EXEC, v:1, k:poo@estacionamento, mode:FULL, rate:0, size:93
2025-12-13 22:20:14, EXEC, v:1, k:poo@estacionamento, mode:FULL, rate:0, size:93
2025-12-13 22:20:44, EXEC, v:1, k:poo@estacionamento, mode:FULL, rate:0, size:93
2025-12-13 22:21:57, EXEC, v:1, k:poo@estacionamento, mode:FULL, rate:0, size:93
2025-12-13 22:21:58, EXEC, v:1, k:poo@estacionamento, mode:FULL, rate:0
2025-12-13 23:11:07, MOVE, v:1, k:poo@estacionamento, mode:PICK
2025-12-13 23:11:09, EXEC, v:1, k:poo@estacionamento, mode:FULL, rate:0
2025-12-13 23:12:38, EXEC, v:1, k:poo@estacionamento, mode:FULL, rate:0
2025-12-13 23:13:43, EXEC, v:1, k:poo@estacionamento, mode:FULL, rate:0, size:93
2025-12-13 23:15:24, EXEC, v:1, k:poo@estacionamento, mode:FULL, rate:0, size:93
2025-12-13 23:15:25, MOVE, v:1, k:poo@estacionamento, mode:BACK
2025-12-13 23:15:33, MOVE, v:1, k:poo@estacionamento, mode:PICK
2025-12-13 23:16:59, EXEC, v:1, k:poo@estacionamento, mode:FULL, rate:0, size:93
2025-12-13 23:18:18, EXEC, v:1, k:poo@estacionamento, mode:FULL, rate:0, size:93
2025-12-13 23:19:10, EXEC, v:1, k:poo@estacionamento, mode:FULL, rate:0, size:95
2025-12-13 23:21:25, EXEC, v:1, k:poo@estacionamento, mode:FULL, rate:0, size:96
2025-12-13 23:21:44, EXEC, v:1, k:poo@estacionamento, mode:FULL, rate:0, size:96
2025-12-13 23:22:04, EXEC, v:1, k:poo@estacionamento, mode:FULL, rate:0, size:96
2025-12-13 23:22:20, EXEC, v:1, k:poo@estacionamento, mode:FULL, rate:0, size:96
2025-12-13 23:22:25, EXEC, v:1, k:poo@estacionamento, mode:FULL, rate:0
2025-12-13 23:22:31, EXEC, v:1, k:poo@estacionamento, mode:FULL, rate:0, size:96
2025-12-13 23:26:11, EXEC, v:1, k:poo@estacionamento, mode:FULL, rate:0, size:105
2025-12-13 23:26:14, EXEC, v:1, k:poo@estacionamento, mode:FULL, rate:0, size:104
2025-12-13 23:26:15, EXEC, v:1, k:poo@estacionamento, mode:FULL, rate:0
2025-12-13 23:26:31, EXEC, v:1, k:poo@estacionamento, mode:FULL, rate:0
2025-12-13 23:27:12, EXEC, v:1, k:poo@estacionamento, mode:FULL, rate:0, size:105
2025-12-13 23:27:13, EXEC, v:1, k:poo@estacionamento, mode:FULL, rate:0
2025-12-13 23:27:36, EXEC, v:1, k:poo@estacionamento, mode:FULL, rate:0, size:107
2025-12-13 23:27:36, EXEC, v:1, k:poo@estacionamento, mode:FULL, rate:0, size:107
2025-12-13 23:28:51, EXEC, v:1, k:poo@estacionamento, mode:FULL, rate:0, size:107
2025-12-13 23:28:51, EXEC, v:1, k:poo@estacionamento, mode:FULL, rate:0
2025-12-13 23:29:11, EXEC, v:1, k:poo@estacionamento, mode:FULL, rate:0, size:107
2025-12-13 23:29:12, EXEC, v:1, k:poo@estacionamento, mode:FULL, rate:0
2025-12-13 23:29:25, EXEC, v:1, k:poo@estacionamento, mode:FULL, rate:0
2025-12-13 23:30:29, EXEC, v:1, k:poo@estacionamento, mode:FULL, rate:0, size:107
2025-12-13 23:30:30, EXEC, v:1, k:poo@estacionamento, mode:FULL, rate:0
2025-12-13 23:30:45, EXEC, v:1, k:poo@estacionamento, mode:FULL, rate:0, size:107
2025-12-13 23:30:46, EXEC, v:1, k:poo@estacionamento, mode:FULL, rate:0
2025-12-13 23:31:21, EXEC, v:1, k:poo@estacionamento, mode:FULL, rate:0, size:107
2025-12-13 23:31:29, EXEC, v:1, k:poo@estacionamento, mode:FULL, rate:0
2025-12-13 23:31:30, EXEC, v:1, k:poo@estacionamento, mode:FULL, rate:75, size:107
2025-12-13 23:31:39, MOVE, v:1, k:poo@estacionamento, mode:BACK
2025-12-13 23:32:04, MOVE, v:1, k:poo@estacionamento, mode:PICK
2025-12-13 23:32:22, EXEC, v:1, k:poo@estacionamento, mode:FULL, rate:0, size:108
2025-12-13 23:32:23, EXEC, v:1, k:poo@estacionamento, mode:FULL, rate:0, size:108
2025-12-13 23:32:41, EXEC, v:1, k:poo@estacionamento, mode:FULL, rate:75, size:109
2025-12-13 23:32:43, EXEC, v:1, k:poo@estacionamento, mode:FULL, rate:75
2025-12-13 23:32:51, EXEC, v:1, k:poo@estacionamento, mode:FULL, rate:75, size:109
2025-12-13 23:32:52, EXEC, v:1, k:poo@estacionamento, mode:FULL, rate:75
2025-12-13 23:32:53, EXEC, v:1, k:poo@estacionamento, mode:FULL, rate:75
2025-12-13 23:33:06, EXEC, v:1, k:poo@estacionamento, mode:FULL, rate:75, size:109
2025-12-13 23:33:11, EXEC, v:1, k:poo@estacionamento, mode:FULL, rate:75, size:109
2025-12-13 23:33:12, EXEC, v:1, k:poo@estacionamento, mode:FULL, rate:75
2025-12-13 23:33:46, EXEC, v:1, k:poo@estacionamento, mode:FULL, rate:75, size:109
2025-12-13 23:33:59, EXEC, v:1, k:poo@estacionamento, mode:FULL, rate:75, size:109
2025-12-13 23:34:18, EXEC, v:1, k:poo@estacionamento, mode:FULL, rate:75
2025-12-13 23:34:19, EXEC, v:1, k:poo@estacionamento, mode:FULL, rate:75
2025-12-13 23:35:16, EXEC, v:1, k:poo@estacionamento, mode:FULL, rate:100, size:110
2025-12-13 23:35:20, MOVE, v:1, k:poo@estacionamento, mode:BACK
2025-12-13 23:36:01, SELF, v:1, k:poo@estacionamento, rate:100, human:amigo, alone:9, study:300
